$ git branch
  edits
* master
$ git merge edits
Auto-merging examples.md
CONFLICT (content): Merge conflict in examples.md
Auto-merging README.md
CONFLICT (content): Merge conflict in README.md
Automatic merge failed; fix conflicts and then commit the result.
$ git add README.md
$ git add examples.md
$ git status
On branch master
All conflicts fixed but you are still merging.
  (use "git commit" to conclude merge)

Changes to be committed:

        modified:   README.md
        modified:   examples.md

Changes not staged for commit:
  (use "git add/rm <file>..." to update what will be committed)
  (use "git checkout -- <file>..." to discard changes in working directory)

        deleted:    .git_data_copy.tar.gz

$ git commit -m "Resolve merge conflict"
[master 8383ca6] Resolve merge conflict
$ git branch
  edits
* master
$ git branch -d edits
Deleted branch edits (was 0dc9f6a).